{
  "command": ".venv/bin/python verify_claim3.py",
  "claim": 3,
  "source": "Theorem 5.2, Section 5.1, arXiv 2602.01603",
  "TMAX": 25,
  "L_safety_factor": 1.25,
  "n_instances": 90,
  "max_ratio_over_all_instances_and_T": 482474.31244502804,
  "n_instances_bound_violated": 11,
  "n_rows_total": 2250,
  "n_rows_bound_violated_raw": 44,
  "n_rows_bound_violated_above_1e-12": 0,
  "max_lhs_among_violating_rows": 3.3306690738754696e-16,
  "min_T_among_violating_rows": 18,
  "max_concavity_violation": 0.0,
  "max_final_excess_loss": 2.042294596660277e-06,
  "MUTATION_eta_20_over_L": {
    "n": 36,
    "max_ratio": 195487.97679956144,
    "n_violating": 21,
    "n_violating_macroscopically": 11,
    "max_final_excess_loss": 0.5934813791850813
  },
  "MUTATION_plain_reward_standard_grpo": {
    "n": 36,
    "max_ratio": 1.665862269968932e+18,
    "n_violating": 36,
    "n_violating_macroscopically": 35,
    "min_final_excess_loss": 0.0009042571292181556,
    "max_final_excess_loss": 0.08907214462699431
  }
}
C3 exit 0
