{
  "symbolic_identity_holds": true,
  "exact_grid_max_abs_coverage_error": 0.0,
  "mutated_grid_max_coverage_deficit": 0.08499999999999996,
  "example3_inequality_all_hold": true,
  "summary": {
    "all_mc_pt_coverage_ge_nominal_minus_2sem": true,
    "all_mc_pt_shorter_than_vcp": true
  }
}
mc_correct: {
  "alpha0.1_p0.96": {
    "vcp_coverage": {
      "mean": 0.901775,
      "sem": 0.0016311019039448869
    },
    "vcp_length": {
      "mean": 22.703745630233215,
      "sem": 0.024399204730030596
    },
    "pt_coverage": {
      "mean": 0.90065,
      "sem": 0.0012521560353414842
    },
    "pt_length": {
      "mean": 22.294485399000475,
      "sem": 0.03567851082146715
    }
  },
  "alpha0.1_p0.98": {
    "vcp_coverage": {
      "mean": 0.901775,
      "sem": 0.0016311019039448869
    },
    "vcp_length": {
      "mean": 22.703745630233215,
      "sem": 0.024399204730030596
    },
    "pt_coverage": {
      "mean": 0.9014625,
      "sem": 0.00146844831728131
    },
    "pt_length": {
      "mean": 22.4890401634812,
      "sem": 0.029104181914984477
    }
  },
  "alpha0.2_p0.96": {
    "vcp_coverage": {
      "mean": 0.8025500000000001,
      "sem": 0.0029759783884331305
    },
    "vcp_length": {
      "mean": 21.78216833748671,
      "sem": 0.020275169020606814
    },
    "pt_coverage": {
      "mean": 0.8002125000000001,
      "sem": 0.00248351638175009
    },
    "pt_length": {
      "mean": 21.168870043376515,
      "sem": 0.025816487037715954
    }
  },
  "alpha0.2_p0.98": {
    "vcp_coverage": {
      "mean": 0.8025500000000001,
      "sem": 0.0029759783884331305
    },
    "vcp_length": {
      "mean": 21.78216833748671,
      "sem": 0.020275169020606814
    },
    "pt_coverage": {
      "mean": 0.8008875,
      "sem": 0.0025045665530029427
    },
    "pt_length": {
      "mean": 21.475323631340885,
      "sem": 0.021540429242658324
    }
  }
}
mutation1: {
  "alpha0.1_p0.96": {
    "vcp_coverage": {
      "mean": 0.901775,
      "sem": 0.0016311019039448869
    },
    "vcp_length": {
      "mean": 22.703745630233215,
      "sem": 0.024399204730030596
    },
    "pt_coverage": {
      "mean": 0.8663375,
      "sem": 0.0015174722532796717
    },
    "pt_length": {
      "mean": 21.816365648664462,
      "sem": 0.030461109387105112
    }
  },
  "alpha0.1_p0.98": {
    "vcp_coverage": {
      "mean": 0.901775,
      "sem": 0.0016311019039448869
    },
    "vcp_length": {
      "mean": 22.703745630233215,
      "sem": 0.024399204730030596
    },
    "pt_coverage": {
      "mean": 0.884425,
      "sem": 0.0015103916362112293
    },
    "pt_length": {
      "mean": 22.26811324050039,
      "sem": 0.027082051566021007
    }
  },
  "alpha0.2_p0.96": {
    "vcp_coverage": {
      "mean": 0.8025500000000001,
      "sem": 0.0029759783884331305
    },
    "vcp_length": {
      "mean": 21.78216833748671,
      "sem": 0.020275169020606814
    },
    "pt_coverage": {
      "mean": 0.7705749999999999,
      "sem": 0.0028975431970804763
    },
    "pt_length": {
      "mean": 20.930782100326223,
      "sem": 0.02585657489087919
    }
  },
  "alpha0.2_p0.98": {
    "vcp_coverage": {
      "mean": 0.8025500000000001,
      "sem": 0.0029759783884331305
    },
    "vcp_length": {
      "mean": 21.78216833748671,
      "sem": 0.020275169020606814
    },
    "pt_coverage": {
      "mean": 0.7869124999999999,
      "sem": 0.0029087704831567912
    },
    "pt_length": {
      "mean": 21.364188933859857,
      "sem": 0.02180640913765923
    }
  }
}
mutation2: {
  "alpha0.1_p0.96": {
    "vcp_coverage": {
      "mean": 0.9028499999999999,
      "sem": 0.0020599885027783385
    },
    "vcp_length": {
      "mean": 3.311502433477623,
      "sem": 0.01690998905087427
    },
    "pt_coverage": {
      "mean": 0.9021750000000001,
      "sem": 0.0016122577337386236
    },
    "pt_length": {
      "mean": 3.593778815456324,
      "sem": 0.019218663878090975
    }
  },
  "alpha0.1_p0.98": {
    "vcp_coverage": {
      "mean": 0.9028499999999999,
      "sem": 0.0020599885027783385
    },
    "vcp_length": {
      "mean": 3.311502433477623,
      "sem": 0.01690998905087427
    },
    "pt_coverage": {
      "mean": 0.9028375000000002,
      "sem": 0.001660421137923495
    },
    "pt_length": {
      "mean": 3.4289750001568486,
      "sem": 0.01763794894519829
    }
  },
  "alpha0.2_p0.96": {
    "vcp_coverage": {
      "mean": 0.8050875,
      "sem": 0.0025126178291302384
    },
    "vcp_length": {
      "mean": 2.5879989685690243,
      "sem": 0.012404880640154135
    },
    "pt_coverage": {
      "mean": 0.8049250000000001,
      "sem": 0.002363587538601346
    },
    "pt_length": {
      "mean": 2.6819721510773933,
      "sem": 0.012368679148799872
    }
  },
  "alpha0.2_p0.98": {
    "vcp_coverage": {
      "mean": 0.8050875,
      "sem": 0.0025126178291302384
    },
    "vcp_length": {
      "mean": 2.5879989685690243,
      "sem": 0.012404880640154135
    },
    "pt_coverage": {
      "mean": 0.8059875000000002,
      "sem": 0.0023790806356768653
    },
    "pt_length": {
      "mean": 2.63380502317266,
      "sem": 0.012245964106766769
    }
  }
}
