{
  "claim": "Section 5: improvements demonstrated on heterogeneous-noise (Cor 5.2), linear (Cor 5.4) and unimodal (Cor 5.7) bandits",
  "command": ".venv/bin/python verify_claim5.py",
  "instance": {
    "mu": [
      1.0,
      0.6,
      0.4,
      0.2
    ],
    "sigma": [
      0.15,
      0.15,
      1.0,
      1.0
    ],
    "A_thm51": 295.77777777777777,
    "C_thm51": 956.1348997010051
  },
  "A1_violations_stopping": 0,
  "A1_violations_correctness": 0,
  "A2_n_points_where_cor52_stronger_than_thm32": 9,
  "A2_max_ratio_thm32_over_cor52": 3.2895556669197187e+28,
  "A2_note": "log2(B) = ln(B)/ln2 = 1.4427 ln(B), so the denominator printed in Corollary 5.2 (4 + 4A ln B) is smaller than the one Theorem 3.2 gives (4 + 4A log2 B); Corollary 5.2 as printed is therefore STRONGER than its stated parent theorem -- an apparent ln vs log2 typo in the corollary, not a substantive error in Theorem 3.2.",
  "A3_fc2fb_pekhn": [
    {
      "B": 2500,
      "per_seed_err": [
        0.745,
        0.735,
        0.76,
        0.685,
        0.695
      ],
      "mean_err": 0.724,
      "thm32_bound": 2.487970157884728,
      "cor52_bound_as_printed": 2.2902357361555383,
      "n_per_seed": 200,
      "ok_vs_thm32": true
    },
    {
      "B": 5000,
      "per_seed_err": [
        0.065,
        0.05,
        0.025,
        0.055,
        0.055
      ],
      "mean_err": 0.05,
      "thm32_bound": 2.127131209897982,
      "cor52_bound_as_printed": 1.8268975739112088,
      "n_per_seed": 200,
      "ok_vs_thm32": true
    },
    {
      "B": 10000,
      "per_seed_err": [
        0.005,
        0.0,
        0.015,
        0.015,
        0.0
      ],
      "mean_err": 0.007000000000000001,
      "thm32_bound": 1.588318289229577,
      "cor52_bound_as_printed": 1.1987185854506759,
      "n_per_seed": 200,
      "ok_vs_thm32": true
    },
    {
      "B": 20000,
      "per_seed_err": [
        0.0,
        0.0,
        0.0,
        0.0,
        0.0
      ],
      "mean_err": 0.0,
      "thm32_bound": 0.919189354478217,
      "cor52_bound_as_printed": 0.5445815865610009,
      "n_per_seed": 200,
      "ok_vs_thm32": true
    },
    {
      "B": 40000,
      "per_seed_err": [
        0.0,
        0.0,
        0.0,
        0.0,
        0.0
      ],
      "mean_err": 0.0,
      "thm32_bound": 0.32876099438701434,
      "cor52_bound_as_printed": 0.12357253487131258,
      "n_per_seed": 200,
      "ok_vs_thm32": true
    }
  ],
  "A3_violations_thm32": 0,
  "A3_err_decreasing": true,
  "A3_err_first_last": [
    0.724,
    0.0
  ],
  "A3_shows_decay": true,
  "A4_symbolic": {
    "ours_expr": "K**7 - 2*K**6 + 2*K**5",
    "shvar_expr": "K**9 - 2*K**8 + 2*K**5",
    "ours_leading_degree": 7,
    "shvar_leading_degree": 9,
    "ratio_limit_shvar_over_ours": "1",
    "paper_says": {
      "ours": "O(K^7)",
      "shvar": "O(K^9)"
    }
  },
  "A4_matches_paper": true,
  "M1_noise_blind": [
    {
      "delta": 0.1,
      "heterogeneous_alloc": 1738.0,
      "noise_blind_alloc": 8428.0,
      "ratio": 4.849252013808976
    },
    {
      "delta": 0.01,
      "heterogeneous_alloc": 2378.0,
      "noise_blind_alloc": 11374.0,
      "ratio": 4.783010933557612
    }
  ],
  "M1_blind_is_worse": true,
  "M1_min_ratio": 4.783010933557612,
  "B_linear_bandits_cor54": {
    "verdict": "inconclusive",
    "reason": "Corollary 5.4 is stated in terms of gamma*, rho* and the algorithm 'Fixed Budget Peace' (Katz-Samuels et al. 2020, Algorithm 3), none of which is defined in this paper. Verifying it requires re-implementing that external algorithm and its instance-dependent constants; not attempted within the time budget. No toy substitute was used."
  },
  "C_unimodal_cor57": {
    "verdict": "inconclusive",
    "reason": "Corollary 5.7 is stated in terms of T_mu(delta) and the algorithm UniTT (Poiani et al. 2024, Theorem 3.7), defined in an external paper. Same reason as above. Note that the FCW2S half of the Corollary-5.7 pipeline IS verified in claim 3 with delta1 = 1/(8e) and L = ceil(4 ln(1/delta)/ln(1/(4e delta1))), exactly the parameters Corollary 5.7 prescribes."
  },
  "A_verdict": "verified",
  "verdict": "partial: verified (heterogeneous noise) / inconclusive (linear, unimodal)"
}
