{
  "claim": "Theorem 3.2 (Section 3): FC2FB turns a strong FC algorithm into an FB algorithm with P(Jhat!=1) <= 3exp(-B/(4Q/ln(1/delta0)+4log2(B/Q)A))",
  "command": ".venv/bin/python verify_claim1.py",
  "T1_grid_points": 432,
  "T1_violations": 12,
  "T1_min_slack_ratio": 0.0007332140603247521,
  "T1_worst_point": {
    "A": 5.0,
    "C": 200.0,
    "Q": 1.0,
    "delta0": 0.5,
    "B": 2460,
    "B_over_Bmin": 1.0,
    "R": 11,
    "C_over_A": 40.0,
    "exact_err": 0.0973038135335539,
    "thm32_bound": 7.134452420601962e-05,
    "slack_ratio": 0.0007332140603247521
  },
  "T1_violation_points": [
    {
      "A": 5.0,
      "C": 200.0,
      "Q": 1.0,
      "delta0": 0.5,
      "B": 2460,
      "B_over_Bmin": 1.0,
      "R": 11,
      "C_over_A": 40.0,
      "exact_err": 0.0973038135335539,
      "thm32_bound": 7.134452420601962e-05,
      "slack_ratio": 0.0007332140603247521
    },
    {
      "A": 5.0,
      "C": 200.0,
      "Q": 1.0,
      "delta0": 0.36787944117144233,
      "B": 2481,
      "B_over_Bmin": 1.0,
      "R": 11,
      "C_over_A": 40.0,
      "exact_err": 0.02294614003165023,
      "thm32_bound": 6.0659260537669526e-05,
      "slack_ratio": 0.0026435496538415857
    },
    {
      "A": 5.0,
      "C": 200.0,
      "Q": 1.0,
      "delta0": 0.1,
      "B": 2573,
      "B_over_Bmin": 1.0,
      "R": 11,
      "C_over_A": 40.0,
      "exact_err": 0.012098809879012093,
      "thm32_bound": 3.8280670009007496e-05,
      "slack_ratio": 0.003164002938455401
    },
    {
      "A": 5.0,
      "C": 200.0,
      "Q": 8.0,
      "delta0": 0.5,
      "B": 1609,
      "B_over_Bmin": 1.0,
      "R": 7,
      "C_over_A": 40.0,
      "exact_err": 0.004287654765814624,
      "thm32_bound": 0.0009317131663991634,
      "slack_ratio": 0.21730134940613496
    },
    {
      "A": 5.0,
      "C": 200.0,
      "Q": 8.0,
      "delta0": 0.36787944117144233,
      "B": 1624,
      "B_over_Bmin": 1.0,
      "R": 7,
      "C_over_A": 40.0,
      "exact_err": 0.02294614003165023,
      "thm32_bound": 0.00046884600961935943,
      "slack_ratio": 0.020432456568846326
    },
    {
      "A": 5.0,
      "C": 200.0,
      "Q": 8.0,
      "delta0": 0.1,
      "B": 1689,
      "B_over_Bmin": 1.0,
      "R": 7,
      "C_over_A": 40.0,
      "exact_err": 0.012098809879012093,
      "thm32_bound": 0.00013171598439908693,
      "slack_ratio": 0.010886689328640146
    },
    {
      "A": 20.0,
      "C": 200.0,
      "Q": 1.0,
      "delta0": 0.5,
      "B": 2606,
      "B_over_Bmin": 1.0,
      "R": 11,
      "C_over_A": 10.0,
      "exact_err": 0.5330881794139072,
      "thm32_bound": 0.1730974640790519,
      "slack_ratio": 0.32470700113696077
    },
    {
      "A": 20.0,
      "C": 200.0,
      "Q": 1.0,
      "delta0": 0.36787944117144233,
      "B": 2693,
      "B_over_Bmin": 1.0,
      "R": 11,
      "C_over_A": 10.0,
      "exact_err": 0.2491745856651539,
      "thm32_bound": 0.15840047362349688,
      "slack_ratio": 0.6357007605757948
    },
    {
      "A": 20.0,
      "C": 200.0,
      "Q": 1.0,
      "delta0": 0.1,
      "B": 3065,
      "B_over_Bmin": 1.0,
      "R": 11,
      "C_over_A": 10.0,
      "exact_err": 0.20807920791920803,
      "thm32_bound": 0.11044632564115661,
      "slack_ratio": 0.5307898215569917
    },
    {
      "A": 20.0,
      "C": 200.0,
      "Q": 8.0,
      "delta0": 0.5,
      "B": 1712,
      "B_over_Bmin": 1.0,
      "R": 7,
      "C_over_A": 10.0,
      "exact_err": 0.5330881794139072,
      "thm32_bound": 0.2290183872884637,
      "slack_ratio": 0.4296069508430167
    },
    {
      "A": 20.0,
      "C": 200.0,
      "Q": 8.0,
      "delta0": 0.36787944117144233,
      "B": 1774,
      "B_over_Bmin": 1.0,
      "R": 7,
      "C_over_A": 10.0,
      "exact_err": 0.2491745856651539,
      "thm32_bound": 0.20028062383809458,
      "slack_ratio": 0.8037762892369607
    },
    {
      "A": 20.0,
      "C": 200.0,
      "Q": 8.0,
      "delta0": 0.1,
      "B": 2038,
      "B_over_Bmin": 1.0,
      "R": 
