{
  "claim": "Algorithm 6 / Appendix D (Theorem D.5): FC2AT is an anytime variant of FC2FB via a doubling trick, requiring no knowledge of the budget",
  "command": ".venv/bin/python verify_claim4.py",
  "T1_phase_lengths_depend_only_on_Q_and_i": {
    "Q=1": [
      2,
      4,
      8,
      16,
      32,
      64,
      128
    ],
    "Q=8": [
      16,
      32,
      64,
      128,
      256,
      512,
      1024
    ],
    "independent_of_horizon": true
  },
  "T1_recommendation_defined_for_every_t": true,
  "T2_exhaustive": [
    {
      "A": 5.0,
      "C": 0.0,
      "Q": 1.0,
      "delta0": 0.5,
      "Bstar": 19.556182728544254,
      "T_range": [
        77,
        20077
      ],
      "n_T_checked": 20001,
      "propD3_violations": 0,
      "propD4_violations": 0
    },
    {
      "A": 50.0,
      "C": 20.0,
      "Q": 1.0,
      "delta0": 0.36787944117144233,
      "Bstar": 703.7274421793791,
      "T_range": [
        2813,
        22813
      ],
      "n_T_checked": 20001,
      "propD3_violations": 0,
      "propD4_violations": 0
    },
    {
      "A": 10.0,
      "C": 100.0,
      "Q": 8.0,
      "delta0": 0.5,
      "Bstar": 711.3120346609335,
      "T_range": [
        2830,
        22830
      ],
      "n_T_checked": 20001,
      "propD3_violations": 0,
      "propD4_violations": 0
    },
    {
      "A": 200.0,
      "C": 0.0,
      "Q": 4.0,
      "delta0": 0.1,
      "Bstar": 5022.5713337480665,
      "T_range": [
        20083,
        40083
      ],
      "n_T_checked": 20001,
      "propD3_violations": 0,
      "propD4_violations": 0
    }
  ],
  "T2_total_T_checked": 80004,
  "T2_propD3_violations": 0,
  "T2_propD4_violations": 0,
  "T3_violations": 0,
  "T3_min_err_ratio_first_to_last": 4294901480.0085754,
  "M1_constant_phase_length": {
    "rows": [
      {
        "T": 2813,
        "T_If": 2.0,
        "err": 1.0,
        "thmD5_bound": 2.208387322029479,
        "violated": false
      },
      {
        "T": 5626,
        "T_If": 2.0,
        "err": 1.0,
        "thmD5_bound": 1.7074748305228362,
        "violated": false
      },
      {
        "T": 11252,
        "T_If": 2.0,
        "err": 1.0,
        "thmD5_bound": 1.0565951472704995,
        "violated": false
      },
      {
        "T": 22504,
        "T_If": 2.0,
        "err": 1.0,
        "thmD5_bound": 0.4298367130720496,
        "violated": true
      },
      {
        "T": 45008,
        "T_If": 2.0,
        "err": 1.0,
        "thmD5_bound": 0.07916276854492546,
        "violated": true
      },
      {
        "T": 90016,
        "T_If": 2.0,
        "err": 1.0,
        "thmD5_bound": 0.003247303531182055,
        "violated": true
      },
      {
        "T": 180032,
        "T_If": 2.0,
        "err": 1.0,
        "thmD5_bound": 7.678541189036949e-06,
        "violated": true
      }
    ],
    "n_violations": 4,
    "err_stalls_at": 1.0
  },
  "M2_slow_growth_1p05": {
    "rows": [
      {
        "T": 2813,
        "T_If": 132,
        "T_over_4": 703.25,
        "propD4_holds": false
      },
      {
        "T": 5626,
        "T_If": 261,
        "T_over_4": 1406.5,
        "propD4_holds": false
      },
      {
        "T": 11252,
        "T_If": 516,
        "T_over_4": 2813.0,
        "propD4_holds": false
      },
      {
        "T": 22504,
        "T_If": 1021,
        "T_over_4": 5626.0,
        "propD4_holds": false
      },
      {
        "T": 45008,
        "T_If": 2122,
        "T_over_4": 11252.0,
        "propD4_holds": false
      },
      {
        "T": 90016,
        "T_If": 4202,
        "T_over_4": 22504.0,
        "propD4_holds": false
      }
    ],
    "n_propD4_violations": 6
  },
  "verdict": "verified"
}
