{
  "symbolic": {
    "L2_ERT_integrand": "alpha**2*q + q*(q - 1) + (1 - q)*(alpha - 1)**2",
    "L2_matches_(1-alpha-p)^2": true,
    "KL_ERT_integrand": "-q*log(1 - alpha) - (q - 1)*log(1 - q) + log(alpha**(q - 1)*q**q)",
    "KL_matches_D_KL(p||1-alpha)": true,
    "L1_integrand_q_gt_target": "alpha + q - 1",
    "L1_integrand_q_lt_target": "-alpha - q + 1",
    "L1_matches_|p-(1-alpha)|": true
  },
  "numeric": {
    "L1": {
      "max_properness_violation": 0.0,
      "max_table1_formula_abs_error": 1.1102230246251565e-16,
      "max_principle_violation_ERT(h)_above_0": 0.0,
      "max_lowerbound_violation": 0.0,
      "n_alphas": 5,
      "n_p_grid": 97,
      "n_h_grid": 99
    },
    "L2": {
      "max_properness_violation": 0.0,
      "max_table1_formula_abs_error": 2.220446049250313e-16,
      "max_principle_violation_ERT(h)_above_0": 0.0,
      "max_lowerbound_violation": 0.0,
      "n_alphas": 5,
      "n_p_grid": 97,
      "n_h_grid": 99
    },
    "KL": {
      "max_properness_violation": 0.0,
      "max_table1_formula_abs_error": 1.3322676295501878e-15,
      "max_principle_violation_ERT(h)_above_0": 0.0,
      "max_lowerbound_violation": 0.0,
      "n_alphas": 5,
      "n_p_grid": 97,
      "n_h_grid": 99
    }
  },
  "mutation_improper_score_absolute_loss": {
    "0.01": {
      "risk_of_constant_1_minus_alpha": 0.01980000000000002,
      "best_alternative_prediction": 1.0,
      "risk_of_best_alternative": 0.010000000000000009,
      "excess_risk_of_target_ERT_like": 0.00980000000000001
    },
    "0.05": {
      "risk_of_constant_1_minus_alpha": 0.09500000000000008,
      "best_alternative_prediction": 1.0,
      "risk_of_best_alternative": 0.050000000000000044,
      "excess_risk_of_target_ERT_like": 0.04500000000000004
    },
    "0.1": {
      "risk_of_constant_1_minus_alpha": 0.17999999999999997,
      "best_alternative_prediction": 1.0,
      "risk_of_best_alternative": 0.09999999999999998,
      "excess_risk_of_target_ERT_like": 0.07999999999999999
    },
    "0.2": {
      "risk_of_constant_1_minus_alpha": 0.31999999999999995,
      "best_alternative_prediction": 1.0,
      "risk_of_best_alternative": 0.19999999999999996,
      "excess_risk_of_target_ERT_like": 0.12
    },
    "0.5": {
      "risk_of_constant_1_minus_alpha": 0.5,
      "best_alternative_prediction": 0.01,
      "risk_of_best_alternative": 0.5,
      "excess_risk_of_target_ERT_like": 0.0
    }
  },
  "mutation_verdict": "With the IMPROPER score l(p,y)=|p-y|, under PERFECT conditional coverage some predictor strictly beats the constant 1-alpha (excess risk > 0 for every alpha != 0.5), so the diagnostic would falsely report a conditional-coverage violation. Properness is therefore the load-bearing mechanism of the ERT principle.",
  "all_checks_pass": true,
  "command": ".venv/bin/python verify_claim1.py"
}
