subset 12000, coarse noise rate 0.264 (3172 mislabeled / 12000)

epoch train_acc(noisy)   H_clean  H_mislab     gap      t
    1            0.229     2.638     2.726   0.088  10.4s
    2            0.284     2.289     2.465   0.176  13.7s
    3            0.326     2.222     2.412   0.190  15.4s
    4            0.360     2.217     2.390   0.172  14.5s
    5            0.404     2.020     2.270   0.250  17.0s
    6            0.435     1.917     2.185   0.268  15.8s
    7            0.470     1.943     2.239   0.295  16.1s
    8            0.478     1.842     2.191   0.349  16.2s
    9            0.531     1.665     2.033   0.369  16.2s
   10            0.578     1.559     1.958   0.399  14.2s
   11            0.600     1.409     1.838   0.429 12787.7s
   12            0.630     1.385     1.809   0.424  14.0s
   13            0.697     1.193     1.664   0.472 4289.0s
   14            0.730     1.087     1.553   0.466  14.8s
   15            0.785     0.937     1.447   0.509  16.8s
   16            0.814     0.783     1.253   0.470  15.9s
   17            0.865     0.706     1.126   0.420  14.3s
   18            0.865     0.562     0.969   0.407  16.0s
   19            0.913     0.487     0.808   0.321 10019.5s
   20            0.933     0.386     0.701   0.314  17.8s
   21            0.958     0.292     0.531   0.239  16.6s
   22            0.976     0.214     0.425   0.212  15.9s
   23            0.981     0.177     0.343   0.166  23.9s
   24            0.990     0.130     0.240   0.110  14.5s
   25            0.983     0.137     0.258   0.121  15.9s

=== Claim 1 ===
clean:      entropy 2.638 -> 0.137  (drop +2.501)
mislabeled: entropy 2.726 -> 0.258  (drop +2.468)
VERDICT: reproduced (clean drops, mislabeled stays high)

=== Claim 2 (SEI proxy = mean entropy over training) ===
AUC separating mislabeled from clean: 0.709
saved entropy_traj.npy
