{
  "claim": 4,
  "source": "Theorem 4.1 (Sec 4.3), Appendix F; mechanism: Definition 3.1 / Sec 3",
  "command": ".venv/bin/python verify_claim4.py",
  "Psi_at_0": 1.0,
  "fc_bound_at_Tc0": "sqrt(T)*sqrt(betaprime)*sqrt(gamma)",
  "a2_bound_at_Tc0": "sqrt(T)*sqrt(betaprime)*sqrt(gamma)",
  "symbolic_fc_equals_gpucb": true,
  "symbolic_a2_equals_gpucb": true,
  "max_abs_regret_diff_fc_vs_gpucb": 0.0,
  "max_abs_regret_diff_a2_vs_gpucb": 0.0,
  "max_query_diff_fc": 0.0,
  "max_query_diff_a2": 0.0,
  "mean_cum_regret": {
    "gp_ucb_cum_regret": 34.990884115931266,
    "fc_cum_regret": 34.990884115931266,
    "a2_cum_regret": 34.990884115931266
  },
  "identical_trajectories_all_seeds": true,
  "mutation_n_seeds_with_diverging_trajectory": 10,
  "mutation_max_regret_diff": 34.705384168241025,
  "mutation_breaks_equivalence": true,
  "verdict_ok": true
}
