=== SMOKE TEST (device: CPU / numpy) ===
  one relu train (200 ep, d=200, n=1000): 1.00s  loss=199.931  theta_u=0.687  theta_v=0.175  floor=0.071
  per-train ~1.00s at d=200,ep=200. Cost scales ~ n*d*epochs.

=== RECOVERY SWEEP (Claim 1: nonlinear recovers v*, PCA/linear do not) ===
d=800  epochs=800  instances=2  acts=['linear', 'relu', 'tanh', 'quadratic']  alphas=[15.0, 30.0]

--- k* = 2  (predicted v*-recoverers: relu,tanh(no),elu,sigmoid) ---
  alpha=15.0   floor(theta~random)=0.035
    linear     theta_u=0.935  theta_v=0.042+-0.022  [no v*]
    relu       theta_u=0.862  theta_v=0.134+-0.020  [RECOVERS v*]
    tanh       theta_u=0.927  theta_v=0.041+-0.020  [no v*]
    quadratic  theta_u=0.124  theta_v=0.030+-0.013  [no v*]
    PCA        theta_u=0.935  theta_v=0.042+-0.022  [no v*]
  alpha=30.0   floor(theta~random)=0.035
    linear     theta_u=0.966  theta_v=0.031+-0.019  [no v*]
    relu       theta_u=0.918  theta_v=0.184+-0.036  [RECOVERS v*]
    tanh       theta_u=0.962  theta_v=0.028+-0.018  [no v*]
    quadratic  theta_u=0.041  theta_v=0.035+-0.016  [no v*]
    PCA        theta_u=0.966  theta_v=0.031+-0.019  [no v*]

--- k* = 3  (predicted v*-recoverers: tanh,sigmoid,elu; relu FAILS) ---
  alpha=15.0   floor(theta~random)=0.035
    linear     theta_u=0.934  theta_v=0.015+-0.001  [no v*]
    relu       theta_u=0.871  theta_v=0.029+-0.001  [no v*]
    tanh       theta_u=0.924  theta_v=0.041+-0.001  [no v*]
    quadratic  theta_u=0.069  theta_v=0.026+-0.016  [no v*]
    PCA        theta_u=0.934  theta_v=0.015+-0.001  [no v*]
  alpha=30.0   floor(theta~random)=0.035
    linear     theta_u=0.969  theta_v=0.006+-0.003  [no v*]
    relu       theta_u=0.942  theta_v=0.011+-0.002  [no v*]
    tanh       theta_u=0.963  theta_v=0.058+-0.001  [no v*]
    quadratic  theta_u=0.004  theta_v=0.036+-0.004  [no v*]
    PCA        theta_u=0.969  theta_v=0.006+-0.003  [no v*]

=== MISALIGNMENT (Claim 2: lower test loss, worse downstream) ===
  k*=2, alpha=30.0:
    linear : test_recon_mse=799.1242  downstream_err=0.497  theta_v=0.031
    relu   : test_recon_mse=800.1142  downstream_err=0.451  theta_v=0.205
    -> misalignment reproduced: True (linear lower loss but worse downstream)
  k*=3, alpha=30.0:
    linear : test_recon_mse=799.1302  downstream_err=0.480  theta_v=0.037
    tanh   : test_recon_mse=799.4646  downstream_err=0.467  theta_v=0.018
    -> misalignment reproduced: True (linear lower loss but worse downstream)
