{
  "claim": 1,
  "K": 0.01,
  "bound_formula": "(3+3*sqrt(n_out))*K",
  "main": {
    "n_instances": 6000,
    "n_bound_violations": 0,
    "worst_ratio_err_over_bound": 0.16639064364932787,
    "eq31_matrix_norm_violations": 0,
    "sub_bound_violations_1p3sqrtn": 35891
  },
  "mutation_w_scale_50K": {
    "n_instances": 3000,
    "n_bound_violations": 0,
    "worst_ratio_err_over_bound": 0.16639064364932787,
    "eq31_matrix_norm_violations": 0,
    "sub_bound_violations_1p3sqrtn": 17873
  },
  "command": "python verify_claim1.py",
  "numpy": "2.5.1",
  "seconds": 1047.88
}
