toy problem q-sweep (best over 6 hyperparameter settings, worst over 6 seeds):
   q=  0.5  best worst-case contraction factor 0.2296  (mu_x=1 mu_z=1 rho=1)  iters to 1e-10: 21
   q=  1.0  best worst-case contraction factor 0.1667  (mu_x=1 mu_z=0.2 rho=1)  iters to 1e-10: 16
   q=  2.0  best worst-case contraction factor 0.0475  (mu_x=1 mu_z=0.2 rho=1)  iters to 1e-10: 12
   q=  5.0  best worst-case contraction factor 0.0378  (mu_x=5 mu_z=1 rho=4)  iters to 1e-10: 12
   q=  8.0  best worst-case contraction factor 0.0588  (mu_x=1 mu_z=1 rho=0.25)  iters to 1e-10: 11
   q= 10.0  best worst-case contraction factor 0.0317  (mu_x=1 mu_z=1 rho=0.25)  iters to 1e-10: 11
   q= 12.0  best worst-case contraction factor 0.0250  (mu_x=1 mu_z=1 rho=0.25)  iters to 1e-10: 11
   q= 15.0  best worst-case contraction factor 0.0245  (mu_x=1 mu_z=1 rho=0.25)  iters to 1e-10: 12
   q= 20.0  best worst-case contraction factor 0.0287  (mu_x=1 mu_z=1 rho=0.25)  iters to 1e-10: 14
   q= 50.0  best worst-case contraction factor 0.3364  (mu_x=1 mu_z=1 rho=0.25)  iters to 1e-10: 26
{
 "best_factor_below_q10": {
  "0.5": 0.22964749081830413,
  "1.0": 0.16668153399018532,
  "2.0": 0.04746689162297052,
  "5.0": 0.03777098063712327,
  "8.0": 0.058819783628892765
 },
 "best_factor_at_or_above_q10": {
  "10.0": 0.031707407045983335,
  "12.0": 0.02496246700275915,
  "15.0": 0.024509520653116516,
  "20.0": 0.02869819916595597,
  "50.0": 0.33637695927041866
 },
 "all_q_ge_10_linear_factor_lt_0p999": true,
 "some_q_lt_10_already_linear": true,
 "n_q_lt_10_already_linear": 5,
 "median_factor_below_q10": 0.058819783628892765,
 "median_factor_at_or_above_q10": 0.02869819916595597
}
baselines: inconclusive
wrote results/claim5.json in 598.3s
