{
  "claim": "Section 3: FC2FB sample complexity is O(Q ln(1/d) + A ln(1/d) ln(A ln(1/d)/Q) + C), matching T*_delta = A ln(1/d) + C up to log factors",
  "command": ".venv/bin/python verify_claim2.py",
  "delta0": 0.36787944117144233,
  "n_grid_points": 420,
  "max_ratio_B_over_F_claimed": 24.411555806310073,
  "min_ratio_B_over_F_claimed": 2.6396794915707775,
  "argmax_claimed": {
    "A": 1.0,
    "C": 100000.0,
    "Q": 1.0,
    "delta": 0.1,
    "B_req": 2441268,
    "F_claimed": 100004.60517018598,
    "F_naive": 100004.60517018598,
    "Tstar": 100002.302585093,
    "ratio_claimed": 24.411555806310073,
    "ratio_naive": 24.411555806310073,
    "ratio_Tstar": 24.412117890212574
  },
  "max_ratio_claimed_by_A": {
    "1.0": 24.411555806310073,
    "10.0": 24.396878013687072,
    "100.0": 24.135989637707347,
    "1000.0": 20.942857767261973,
    "10000.0": 15.45441889981583,
    "100000.0": 13.65501970060653,
    "1000000.0": 12.63446232840845
  },
  "ratio_claimed_growth_A1e6_over_A10": 0.5178720950000364,
  "MUT_max_ratio_naive_by_A": {
    "1.0": 24.411555806310073,
    "10.0": 56.93205844586264,
    "100.0": 83.38454052542436,
    "1000.0": 105.622500529853,
    "10000.0": 126.8938474850946,
    "100000.0": 147.83322755361036,
    "1000000.0": 168.58148087897786
  },
  "MUT_ratio_naive_growth_A1e6_over_A10": 2.961099343338937,
  "MUT_max_ratio_B_over_F_naive": 168.58148087897786,
  "max_ratio_B_over_Tstar": 613.6581029292947,
  "argmax_Tstar": {
    "A": 1.0,
    "C": 0.0,
    "Q": 100.0,
    "delta": 0.1,
    "B_req": 1413,
    "F_claimed": 232.56109439239862,
    "F_naive": 232.56109439239862,
    "Tstar": 2.302585092994046,
    "ratio_claimed": 6.075822801280147,
    "ratio_naive": 6.075822801280147,
    "ratio_Tstar": 613.6581029292947
  },
  "ratio_Tstar_vs_lnTstar_slope": 2.044369891608153,
  "ratio_Tstar_vs_lnTstar_R2": 0.01569098553445436,
  "max_ratio_over_Tstar_pow_0p1": 564.5532401227829,
  "max_ratio_Tstar_over_ln2Tstar": 182.43679935320444,
  "n_rows_Q_le_A": 360,
  "max_ratio_B_over_Tstar_Q_le_A": 168.58164946045872,
  "max_ratio_Tstar_over_ln2Tstar_Q_le_A": 13.556874686543853,
  "MUT_naive_monotone_increasing_in_A": true,
  "MUT_ratio_naive_growth_A1e6_over_A1": 6.905806504778434,
  "claimed_monotone_nonincreasing_in_A": true,
  "verdict": "verified"
}
