{
  "claim": 1,
  "source": "Theorem 4.2 (Sec 4.3) + Appendix D.4.3 / Table 1 (Appendix E)",
  "exponent_rbf_symbolic": "2*alpha + 1/2",
  "alpha_threshold_rbf": [
    "1/4"
  ],
  "alpha_threshold_rbf_float": [
    0.25
  ],
  "paper_intermediate_exponent": "2*alpha + 1/2",
  "intermediate_matches_bound": true,
  "exponent_grid": {
    "1/10": {
      "exponent": 0.6998919657097262,
      "sublinear": true
    },
    "1/5": {
      "exponent": 0.8999989143180784,
      "sublinear": true
    },
    "1/4": {
      "exponent": 0.9999998914269224,
      "sublinear": true
    },
    "1/3": {
      "exponent": 1.1666666643275192,
      "sublinear": false
    },
    "1/2": {
      "exponent": 1.4999999999989142,
      "sublinear": false
    }
  },
  "matern_table1": {
    "eta=1/10|cases1_2": {
      "empirical_sup_alpha": 0.25,
      "paper_table1": 0.25,
      "agree": true
    },
    "eta=1/10|case3": {
      "empirical_sup_alpha": 0.225,
      "paper_table1": 0.225,
      "agree": true
    },
    "eta=1/4|cases1_2": {
      "empirical_sup_alpha": 0.25,
      "paper_table1": 0.25,
      "agree": true
    },
    "eta=1/4|case3": {
      "empirical_sup_alpha": 0.1665,
      "paper_table1": 0.16666666666666666,
      "agree": true
    },
    "eta=1/3|cases1_2": {
      "empirical_sup_alpha": 0.222,
      "paper_table1": 0.2222222222222222,
      "agree": true
    },
    "eta=1/3|case3": {
      "empirical_sup_alpha": 0.111,
      "paper_table1": 0.1111111111111111,
      "agree": true
    },
    "eta=1/2|cases1_2": {
      "empirical_sup_alpha": 0.1665,
      "paper_table1": 0.16666666666666666,
      "agree": true
    },
    "eta=1/2|case3": {
      "empirical_sup_alpha": 0.0,
      "paper_table1": 0.0,
      "agree": true
    }
  },
  "mutation_drop_Psi": {
    "exponent": "alpha + 1/2",
    "alpha_threshold": [
      0.5
    ],
    "paper_ideal_column": 0.5,
    "matches_paper_ideal": true,
    "verdict_changed": true
  },
  "claim_alpha_quarter_confirmed": true,
  "command": ".venv/bin/python verify_claim1.py"
}
